========================================================================
  CSP — Cascade State Predictor  v2.0
  Command   : probe
  Timestamp : 2026-08-02 23:00:36
  Platform  : Windows 10, Python 3.11.0
------------------------------------------------------------------------
  Parameters:
    data            : C:\Users\Radu\Desktop\ISPCC\_files\phm-ieee-2012-data-challenge-dataset-master\Full_Test_Set
    bearing         : Bearing1_3
    n_snapshots     : 2375
    n_features      : 56
========================================================================

  Top 15 features:
  Rank                       Feature     Imp%  Type
  ────  ────────────────────────────  ───────  ────
     1                pi_life_cos_pi   11.43%  π
     2               pi_life_sin_2pi   10.03%  π
     3               pi_rms_h_cos_pi    8.93%  π
     4               pi_rms_h_sin_pi    8.36%  π
     5              pi_rms_h_sin_2pi    6.22%  π
     6              cross_rms_x_temp    6.12%  ×
     7             pi_rms_bif_sin_pi    5.01%  π
     8             pi_rms_bif_cos_pi    4.72%  π
     9              cross_bif_x_temp    4.04%  ×
    10                pi_life_sin_pi    3.48%  π
    11            pi_rms_bif_sin_pi2    3.15%  π
    12              cross_life_x_rms    3.14%  ×
    13            pi_rms_bif_sin_2pi    2.87%  π
    14               pi_life_sin_pi2    2.70%  π
    15              pi_rms_h_sin_pi2    2.54%  π

  Grouped:
    π  : 86.5%  (cascade — expected dominant for RUL)
    e  : 0.2%  (self-regulating temperature)
    ×  : 13.3%  (regime interaction)
  Dominant: π  (478.4× over the other)

  Interpretation:
  π-dominant at 86.5% → encoding structurally confirmed.
  Cascade character is the primary RUL signal in this domain.

  Bifurcation analogy:
    RMS_BIFURCATION  ↔  R_BIFURCATION  (logistic map)
    TEMP_BIFURCATION ↔  DIEL_BIFURCATION (EM surrogate)

  Importance table → C:\Users\Radu\Desktop\ISPCC\5. Industry CSP\v2\csp_logs\csp_probe_Bearing1_3_20260802_230036_importance.csv
